Formatted 134 files (0 changed) in 0.50 seconds.
Resolving dependencies...
Downloading packages...
  material_color_utilities 0.13.0 (0.13.1 available)
  meta 1.18.3 (1.19.0 available)
  test_api 0.7.12 (0.7.14 available)
  vector_math 2.4.0 (2.4.3 available)
Got dependencies!
4 packages have newer versions incompatible with dependency constraints.
Try `flutter pub outdated` for more information.
Analyzing app...                                                
No issues found! (ran in 1.6s)
Resolving dependencies...
Downloading packages...
  material_color_utilities 0.13.0 (0.13.1 available)
  meta 1.18.3 (1.19.0 available)
  test_api 0.7.12 (0.7.14 available)
  vector_math 2.4.0 (2.4.3 available)
Got dependencies!
4 packages have newer versions incompatible with dependency constraints.
Try `flutter pub outdated` for more information.
00:00 +0: loading /home/ubuntu/MailTinder-factory/app/test/app_routing_test.dart                                                                                                                       00:01 +0: loading /home/ubuntu/MailTinder-factory/app/test/app_routing_test.dart                                                                                                                       Unhandled exception:
FileSystemException: writeFrom failed, path = '/home/ubuntu/.hermes/profiles/factory-coder-sol/cache/scratch/flutter_tools.SDKPRB/flutter_test_compiler.SMOOTO/output.dill' (OS Error: No space left on device, errno = 28)
#0      _checkForErrorResponse (dart:io/common.dart:58)
#1      _RandomAccessFile.writeFrom.<anonymous closure> (dart:io/file_impl.dart:976)
<asynchronous suspension>
#2      _FileStreamConsumer.addStream.<anonymous closure>.<anonymous closure>.<anonymous closure> (dart:io/file_impl.dart:237)
<asynchronous suspension>
00:01 +0 -1: loading /home/ubuntu/MailTinder-factory/app/test/app_routing_test.dart [E]                                                                                                                
  Error: The Dart compiler exited unexpectedly.
  package:flutter_tools/src/base/common.dart 34:3  throwToolExit
  package:flutter_tools/src/compile.dart 1011:15   DefaultResidentCompiler._compile.<fn>
  dart:async/zone_root.dart 27:47                  _rootRun
  dart:async/zone.dart 810:35                      _CustomZone.run
  dart:async/zone.dart 702:7                       _CustomZone.runGuarded
  dart:async/stream_impl.dart 434:13               _BufferingStreamSubscription._sendDone.sendDone
  dart:async/stream_impl.dart 444:7                _BufferingStreamSubscription._sendDone
  dart:async/stream_impl.dart 333:7                _BufferingStreamSubscription._close
  dart:async/stream_transformers.dart 91:11        _SinkTransformerStreamSubscription._close
  dart:async/stream_transformers.dart 21:11        _EventSinkWrapper.close
  dart:convert/string_conversion.dart 244:11       _StringAdapterSink.close
  dart:convert/line_splitter.dart 141:11           _LineSplitterSink.close
  dart:async/stream_transformers.dart 136:24       _SinkTransformerStreamSubscription._handleDone
  dart:async/zone_root.dart 27:47                  _rootRun
  dart:async/zone.dart 810:35                      _CustomZone.run
  dart:async/zone.dart 702:7                       _CustomZone.runGuarded
  dart:async/stream_impl.dart 434:13               _BufferingStreamSubscription._sendDone.sendDone
  dart:async/stream_impl.dart 444:7                _BufferingStreamSubscription._sendDone
  dart:async/stream_impl.dart 333:7                _BufferingStreamSubscription._close
  dart:async/stream_transformers.dart 91:11        _SinkTransformerStreamSubscription._close
  dart:async/stream_transformers.dart 21:11        _EventSinkWrapper.close
  dart:async/stream_transformers.dart 258:12       _HandlerEventSink.close
  dart:async/stream_transformers.dart 136:24       _SinkTransformerStreamSubscription._handleDone
  dart:async/zone_root.dart 27:47                  _rootRun
  dart:async/zone.dart 810:35                      _CustomZone.run
  dart:async/zone.dart 702:7                       _CustomZone.runGuarded
  dart:async/stream_impl.dart 434:13               _BufferingStreamSubscription._sendDone.sendDone
  dart:async/stream_impl.dart 444:7                _BufferingStreamSubscription._sendDone
  dart:async/stream_impl.dart 333:7                _BufferingStreamSubscription._close
  dart:async/stream_transformers.dart 91:11        _SinkTransformerStreamSubscription._close
  dart:async/stream_transformers.dart 21:11        _EventSinkWrapper.close
  dart:convert/string_conversion.dart 244:11       _StringAdapterSink.close
  dart:convert/string_conversion.dart 304:20       _Utf8ConversionSink.close
  dart:convert/chunked_conversion.dart 79:18       _ConverterStreamEventSink.close
  dart:async/stream_transformers.dart 136:24       _SinkTransformerStreamSubscription._handleDone
  dart:async/zone_root.dart 27:47                  _rootRun
  dart:async/zone.dart 810:35                      _CustomZone.run
  dart:async/zone.dart 702:7                       _CustomZone.runGuarded
  dart:async/stream_impl.dart 434:13               _BufferingStreamSubscription._sendDone.sendDone
  dart:async/stream_impl.dart 444:7                _BufferingStreamSubscription._sendDone
  dart:async/stream_impl.dart 333:7                _BufferingStreamSubscription._close
  dart:async/stream_controller.dart 806:19         _SyncStreamControllerDispatch._sendDone
  dart:async/stream_controller.dart 652:7          _StreamController._closeUnchecked
  dart:async/stream_controller.dart 645:5          _StreamController.close
  dart:io-patch/socket_patch.dart 2913:21          _Socket._onData
  dart:async/zone_root.dart 56:13                  _rootRunUnary
  dart:async/zone.dart 816:35                      _CustomZone.runUnary
  dart:async/zone.dart 710:7                       _CustomZone.runUnaryGuarded
  dart:async/stream_impl.dart 381:11               _BufferingStreamSubscription._sendData
  dart:async/stream_impl.dart 312:7                _BufferingStreamSubscription._add
  dart:async/stream_controller.dart 798:19         _SyncStreamControllerDispatch._sendData
  dart:async/stream_controller.dart 663:7          _StreamController._add
  dart:async/stream_controller.dart 618:5          _StreamController.add
  dart:io-patch/socket_patch.dart 2351:33          new _RawSocket.<fn>
  dart:io-patch/socket_patch.dart 1672:18          _NativeSocket.issueReadEvent.issue
  dart:async/schedule_microtask.dart 40:35         _microtaskLoop
  dart:async/schedule_microtask.dart 49:5          _startMicrotaskLoop
  dart:isolate-patch/isolate_patch.dart 127:13     _runPendingImmediateCallback
  dart:isolate-patch/isolate_patch.dart 193:5      _RawReceivePort._handleMessage
  
  Null check operator used on a null value
  package:flutter_tools/src/test/test_compiler.dart 271:34  TestCompiler._onCompilationRequest
  
  Error: The Dart compiler exited unexpectedly.
  package:flutter_tools/src/base/common.dart 34:3  throwToolExit
  package:flutter_tools/src/compile.dart 1024:11   DefaultResidentCompiler._compile.<fn>
  dart:async/zone_root.dart 48:47                  _rootRunUnary
  dart:async/zone.dart 816:35                      _CustomZone.runUnary
  dart:async/future_impl.dart 948:45               Future._propagateToListeners.handleValueCallback
  dart:async/future_impl.dart 977:13               Future._propagateToListeners
  dart:async/future_impl.dart 720:5                Future._completeWithValue
  dart:async/future_impl.dart 804:7                Future._asyncCompleteWithValue.<fn>
  dart:async/zone_root.dart 35:13                  _rootRun
  dart:async/zone.dart 810:35                      _CustomZone.run
  dart:async/zone.dart 702:7                       _CustomZone.runGuarded
  dart:async/zone.dart 743:23                      _CustomZone.bindCallbackGuarded.<fn>
  dart:async/schedule_microtask.dart 40:35         _microtaskLoop
  dart:async/schedule_microtask.dart 49:5          _startMicrotaskLoop
  dart:isolate-patch/isolate_patch.dart 127:13     _runPendingImmediateCallback
  dart:isolate-patch/isolate_patch.dart 193:5      _RawReceivePort._handleMessage
  

To run this test again: /home/ubuntu/flutter/bin/cache/dart-sdk/bin/dart test /home/ubuntu/MailTinder-factory/app/test/app_routing_test.dart -p vm --plain-name 'loading /home/ubuntu/MailTinder-factory/app/test/app_routing_test.dart'
04:47 +0 -1: loading /home/ubuntu/MailTinder-factory/app/test/state/name_proposer_test.dart                                                                                                            